
> nx run @gpx-monorepo/gpx-viewer:test

> jest

node.exe : [0m[7m[1m[31m FAIL [39m[22m[27m[0m [0m[7m[37m @gpx-monorepo/gpx-viewer [39m[27m[0m 
[2msrc/app/utils/[22m[1mgpxParser.spec.ts[22m
Au caractère C:\Users\benoi\AppData\Roaming\npm\nx.ps1:24 : 5
+     & "node$exe"  "$basedir/node_modules/nx/bin/nx.js" $args
+     ~~~~~~~~~~~~~~~~~~~~~~~~~~~~~~~~~~~~~~~~~~~~~~~~~~~~~~~~
    + CategoryInfo          : NotSpecified: ([0m[7m[1m[3...er.spec.ts[22m:String) [], RemoteException
    + FullyQualifiedErrorId : NativeCommandError
 
  [1mÔùÅ [22mConsole

    [2mconsole.log[22m
      Stats: {
        totalDistance: 0,
        totalTime: 0,
        avgPace: 0,
        avgHr: 0,
        maxHr: 0,
        elevationGain: 0
      }
[2m[22m
[2m      [2mat Object.log ([22m[2m[0m[36msrc/app/utils/gpxParser.spec.ts[39m[0m[2m:43:13)[22m[2m[22m

[1m[31m  [1mÔùÅ [22m[1mgpxParser ÔÇ║ should parse valid GPX content[39m[22m

    [2mexpect([22m[31mreceived[39m[2m).[22mtoBe[2m([22m[32mexpected[39m[2m) // Object.is equality[22m

    Expected: [32m2[39m
    Received: [31m0[39m
[2m[22m
[2m    [0m [90m 34 |[39m     [36mconst[39m result [33m=[39m parseGpx(mockGpxContent)[33m;[39m[22m
[2m     [90m 35 |[39m     expect(result)[33m.[39mtoBeDefined()[33m;[39m[22m
[2m    [31m[1m>[22m[2m[39m[90m 36 |[39m     
expect(result[33m.[39mtrackPoints[33m.[39mlength)[33m.[39mtoBe([35m2[39m)[33m;[39m[22m
[2m     [90m    |[39m                                       [31m[1m^[22m[2m[39m[22m
[2m     [90m 37 |[39m     
expect(result[33m.[39mtrackPoints[[35m0[39m][33m.[39mlat)[33m.[39mtoBe([35m50.0[39m)[33m;[39m[22m
[2m     [90m 38 |[39m     
expect(result[33m.[39mtrackPoints[[35m0[39m][33m.[39mhr)[33m.[39mtoBe([35m140[39m)[33m;[39m[22m
[2m     [90m 39 |[39m   })[33m;[39m[0m[22m
[2m[22m
[2m      [2mat Object.toBe ([22m[2m[0m[36msrc/app/utils/gpxParser.spec.ts[39m[0m[2m:36:39)[22m[2m[22m

[1m[31m  [1mÔùÅ [22m[1mgpxParser ÔÇ║ should calculate statistics correctly[39m[22m

    [2mexpect([22m[31mreceived[39m[2m).[22mtoBe[2m([22m[32mexpected[39m[2m) // Object.is equality[22m

    Expected: [32m10[39m
    Received: [31m0[39m
[2m[22m
[2m    [0m [90m 42 |[39m     [36mconst[39m result [33m=[39m parseGpx(mockGpxContent)[33m;[39m[22m
[2m     [90m 43 |[39m     console[33m.[39mlog([32m'Stats:'[39m[33m,[39m 
result[33m.[39mstats)[33m;[39m[22m
[2m    [31m[1m>[22m[2m[39m[90m 44 |[39m     
expect(result[33m.[39mstats[33m.[39mtotalTime)[33m.[39mtoBe([35m10[39m)[33m;[39m [90m// 10 seconds[39m[22m
[2m     [90m    |[39m                                    [31m[1m^[22m[2m[39m[22m
[2m     [90m 45 |[39m     expect(result[33m.[39mstats[33m.[39mavgHr)[33m.[39mtoBe([35m145[39m)[33m;[39m 
[90m// (140 + 150) / 2[39m[22m
[2m     [90m 46 |[39m     
expect(result[33m.[39mstats[33m.[39mtotalDistance)[33m.[39mtoBeGreaterThan([35m0[39m)[33m;[39m[22m
[2m     [90m 47 |[39m   })[33m;[39m[0m[22m
[2m[22m
[2m      [2mat Object.toBe ([22m[2m[0m[36msrc/app/utils/gpxParser.spec.ts[39m[0m[2m:44:36)[22m[2m[22m

[0m[7m[1m[32m PASS [39m[22m[27m[0m [0m[7m[37m @gpx-monorepo/gpx-viewer [39m[27m[0m 
[2msrc/app/components/[22m[1mStatsPanel.spec.tsx[22m

[1mTest Suites: [22m[1m[31m1 failed[39m[22m, [1m[32m1 passed[39m[22m, 2 total
[1mTests:       [22m[1m[31m2 failed[39m[22m, [1m[32m3 passed[39m[22m, 5 total
[1mSnapshots:   [22m0 total
[1mTime:[22m        1.359 s
[2mRan all test suites[22m[2m.[22m
[33m[1mJest did not exit one second after the test run has completed.[22m[39m
[33m[1m[22m[39m
[33m[1m'[22m[39m[33mThis usually means that there are asynchronous operations that weren't stopped in your tests. 
Consider running Jest with `--detectOpenHandles` to troubleshoot this issue.[39m



 NX   Running target test for project @gpx-monorepo/gpx-viewer failed

Failed tasks:

- @gpx-monorepo/gpx-viewer:test

Hint: run the command with --verbose for more details.

Warning: command "jest" exited with non-zero status code
